******************************************************************************
                  MSP430 Linker PC v16.9.6                     
******************************************************************************
>> Linked Sat Jul 23 17:29:40 2022

OUTPUT FILE NAME:   <lab5 project.out>
ENTRY POINT SYMBOL: "_c_int00_noargs_noexit"  address: 0000fe62


MEMORY CONFIGURATION

         name            origin    length      used     unused   attr    fill
----------------------  --------  ---------  --------  --------  ----  --------
  SFR                   00000000   00000010  00000000  00000010  RWIX
  PERIPHERALS_8BIT      00000010   000000f0  00000000  000000f0  RWIX
  PERIPHERALS_16BIT     00000100   00000100  00000000  00000100  RWIX
  RAM                   00000200   00000200  00000097  00000169  RWIX
  INFOD                 00001000   00000040  00000000  00000040  RWIX
  INFOC                 00001040   00000040  00000000  00000040  RWIX
  INFOB                 00001080   00000040  00000000  00000040  RWIX
  INFOA                 000010c0   00000040  00000000  00000040  RWIX
  FLASH                 0000c000   00003fde  00003fda  00000004  RWIX
  BSLSIGNATURE          0000ffde   00000002  00000002  00000000  RWIX  ffff 
  INT00                 0000ffe0   00000002  00000002  00000000  RWIX
  INT01                 0000ffe2   00000002  00000000  00000002  RWIX
  INT02                 0000ffe4   00000002  00000002  00000000  RWIX
  INT03                 0000ffe6   00000002  00000002  00000000  RWIX
  INT04                 0000ffe8   00000002  00000000  00000002  RWIX
  INT05                 0000ffea   00000002  00000002  00000000  RWIX
  INT06                 0000ffec   00000002  00000002  00000000  RWIX
  INT07                 0000ffee   00000002  00000002  00000000  RWIX
  INT08                 0000fff0   00000002  00000002  00000000  RWIX
  INT09                 0000fff2   00000002  00000002  00000000  RWIX
  INT10                 0000fff4   00000002  00000002  00000000  RWIX
  INT11                 0000fff6   00000002  00000002  00000000  RWIX
  INT12                 0000fff8   00000002  00000002  00000000  RWIX
  INT13                 0000fffa   00000002  00000002  00000000  RWIX
  INT14                 0000fffc   00000002  00000002  00000000  RWIX
  RESET                 0000fffe   00000002  00000002  00000000  RWIX


SECTION ALLOCATION MAP

 output                                  attributes/
section   page    origin      length       input sections
--------  ----  ----------  ----------   ----------------
.const     0    00000000    000000c8     FAILED TO ALLOCATE
.data      0    00000200    00000036     UNINITIALIZED
                  00000200    00000016     api.obj (.data)
                  00000216    0000000e     main.obj (.data)
                  00000224    0000000c     halGPIO.obj (.data)
                  00000230    00000004     halGPIO.obj (.data:adc)
                  00000234    00000002     rts430_eabi.lib : errno.obj (.data)

.bss       0    00000236    00000011     UNINITIALIZED
                  00000236    00000008     (.common:x)
                  0000023e    00000002     (.common:OFFCount)
                  00000240    00000002     (.common:lpm_mode)
                  00000242    00000002     (.common:motor_dir)
                  00000244    00000002     (.common:steps)
                  00000246    00000001     (.common:rec_mode)

.stack     0    000003b0    00000050     UNINITIALIZED
                  000003b0    00000002     rts430_eabi.lib : boot.obj (.stack)
                  000003b2    0000004e     --HOLE--

.text      0    0000c000    00003fa2     
                  0000c000    00001168     rts430_eabi.lib : e_pow.obj (.text:pow)
                  0000d168    000004b8                     : s_atan.obj (.text:atan)
                  0000d620    00000480                     : frcdivd.obj (.text:__TI_frcdivd)
                  0000daa0    00000334                     : e_atan2.obj (.text:atan2)
                  0000ddd4    000002f8                     : e_sqrt.obj (.text:sqrt)
                  0000e0cc    000002e8                     : addd.obj (.text:__mspabi_addd)
                  0000e3b4    00000286                     : frcmpyd.obj (.text:__TI_frcmpyd)
                  0000e63a    0000026e                     : mpyd.obj (.text:__mspabi_mpyd)
                  0000e8a8    00000260                     : frcaddd.obj (.text:__TI_frcaddd)
                  0000eb08    00000238                     : divd.obj (.text:__mspabi_divd)
                  0000ed40    000001d4     api.obj (.text:calc_degree)
                  0000ef14    000001a4     rts430_eabi.lib : s_scalbn.obj (.text:scalbn)
                  0000f0b8    0000013c     api.obj (.text:MOTOR_2_deg)
                  0000f1f4    00000132     rts430_eabi.lib : fs_add.obj (.text)
                  0000f326    000000dc                     : cmpd.obj (.text:__mspabi_cmpd)
                  0000f402    000000cc     bsp.obj (.text:GPIOconfig)
                  0000f4ce    000000c4     rts430_eabi.lib : fs_mpy.obj (.text)
                  0000f592    000000be                     : renormd.obj (.text:__TI_renormd)
                  0000f650    000000ac                     : fltlid.obj (.text:__mspabi_fltlid)
                  0000f6fc    0000009c                     : fs_div.obj (.text)
                  0000f798    0000008e     halGPIO.obj (.text:Timer_A0)
                  0000f826    0000008c     rts430_eabi.lib : cvtdf.obj (.text:__mspabi_cvtdf)
                  0000f8b2    0000007c                     : copy_decompress_lzss.obj (.text:decompress:lzss:__TI_decompress_lzss)
                  0000f92e    00000072                     : cvtfd.obj (.text:__mspabi_cvtfd)
                  0000f9a0    0000006e                     : autoinit.obj (.text:_auto_init)
                  0000fa0e    00000068                     : fs_toi.obj (.text)
                  0000fa76    0000005c                     : lsr32.obj (.text:l_lsr_const)
                  0000fad2    0000005a                     : cpy_tbl.obj (.text:copy_in)
                  0000fb2c    00000058     main.obj (.text:main)
                  0000fb84    0000004c     rts430_eabi.lib : lsr16.obj (.text)
                  0000fbd0    0000004a                     : fs_cmp.obj (.text)
                  0000fc1a    0000003e                     : asr32.obj (.text:l_asr_const)
                  0000fc58    0000003e                     : lsl32.obj (.text:l_lsl_const)
                  0000fc96    00000034     halGPIO.obj (.text:enterLPM)
                  0000fcca    00000030     halGPIO.obj (.text:USCI0RX_ISR)
                  0000fcfa    0000002e     rts430_eabi.lib : subd.obj (.text:__mspabi_subd)
                  0000fd28    0000002e                     : s_copysign.obj (.text:copysign)
                  0000fd56    0000002c                     : asr16.obj (.text)
                  0000fd82    0000002c                     : lsl16.obj (.text)
                  0000fdae    0000002a                     : negd.obj (.text:__mspabi_negd)
                  0000fdd8    00000026                     : mult32.obj (.text)
                  0000fdfe    00000024     halGPIO.obj (.text:read_from_juystick)
                  0000fe22    00000024     rts430_eabi.lib : fs_utof.obj (.text)
                  0000fe46    0000001c     halGPIO.obj (.text:motor_cycle_ccw)
                  0000fe62    0000001a     rts430_eabi.lib : boot_special.obj (.text:_c_int00_noargs_noexit)
                  0000fe7c    0000001a     halGPIO.obj (.text:motor_cycle_cw)
                  0000fe96    00000016     rts430_eabi.lib : div16u.obj (.text)
                  0000feac    00000014                     : copy_zero_init.obj (.text:decompress:ZI:__TI_zero_init)
                  0000fec0    00000014                     : mult16.obj (.text)
                  0000fed4    00000012                     : copy_decompress_none.obj (.text:decompress:none:__TI_decompress_none)
                  0000fee6    00000012                     : lsr32.obj (.text:l_lsr)
                  0000fef8    00000012                     : memcpy.obj (.text:memcpy)
                  0000ff0a    00000010     halGPIO.obj (.text:delay10MS)
                  0000ff1a    00000010     rts430_eabi.lib : asr32.obj (.text:l_asr)
                  0000ff2a    00000010                     : lsl32.obj (.text:l_lsl)
                  0000ff3a    00000010                     : epilog.obj (.text)
                  0000ff4a    0000000e     halGPIO.obj (.text:PORT1_ISR)
                  0000ff58    0000000e     api.obj (.text:joystick_2_motor)
                  0000ff66    0000000c     halGPIO.obj (.text:Disable_TimerA_345)
                  0000ff72    0000000c     rts430_eabi.lib : fltid.obj (.text:__mspabi_fltid)
                  0000ff7e    00000008     halGPIO.obj (.text:ADC10_ISR)
                  0000ff86    00000008     rts430_eabi.lib : isr_trap.obj (.text:_isr:__TI_ISR_TRAP)
                  0000ff8e    00000008     api.obj (.text:sleep)
                  0000ff96    00000006     rts430_eabi.lib : exit.obj (.text:abort)
                  0000ff9c    00000004                     : pre_init.obj (.text:_system_pre_init)
                  0000ffa0    00000002                     : startup.obj (.text:_system_post_cinit)

.cinit     0    0000ffa2    00000038     
                  0000ffa2    00000026     (.cinit..data.load) [load image, compression = lzss]
                  0000ffc8    00000006     (__TI_handler_table)
                  0000ffce    00000004     (.cinit..bss.load) [load image, compression = zero_init]
                  0000ffd2    00000008     (__TI_cinit_table)

.binit     0    0000c000    00000000     

.init_array 
*          0    0000c000    00000000     UNINITIALIZED

TRAPINT    0    0000ffe0    00000002     
                  0000ffe0    00000002     rts430_eabi.lib : int00.obj (.int00)

PORT1      0    0000ffe4    00000002     
                  0000ffe4    00000002     halGPIO.obj (.int02)

PORT2      0    0000ffe6    00000002     
                  0000ffe6    00000002     rts430_eabi.lib : int03.obj (.int03)

$fill000   0    0000ffde    00000002     
                  0000ffde    00000002     --HOLE-- [fill = ffff]

ADC10      0    0000ffea    00000002     
                  0000ffea    00000002     halGPIO.obj (.int05)

USCIAB0TX 
*          0    0000ffec    00000002     
                  0000ffec    00000002     rts430_eabi.lib : int06.obj (.int06)

USCIAB0RX 
*          0    0000ffee    00000002     
                  0000ffee    00000002     halGPIO.obj (.int07)

TIMER0_A1 
*          0    0000fff0    00000002     
                  0000fff0    00000002     rts430_eabi.lib : int08.obj (.int08)

TIMER0_A0 
*          0    0000fff2    00000002     
                  0000fff2    00000002     halGPIO.obj (.int09)

WDT        0    0000fff4    00000002     
                  0000fff4    00000002     rts430_eabi.lib : int10.obj (.int10)

COMPARATORA 
*          0    0000fff6    00000002     
                  0000fff6    00000002     rts430_eabi.lib : int11.obj (.int11)

TIMER1_A1 
*          0    0000fff8    00000002     
                  0000fff8    00000002     rts430_eabi.lib : int12.obj (.int12)

TIMER1_A0 
*          0    0000fffa    00000002     
                  0000fffa    00000002     rts430_eabi.lib : int13.obj (.int13)

NMI        0    0000fffc    00000002     
                  0000fffc    00000002     rts430_eabi.lib : int14.obj (.int14)

.reset     0    0000fffe    00000002     
                  0000fffe    00000002     rts430_eabi.lib : boot.obj (.reset)

MODULE SUMMARY

       Module                     code    ro data   rw data
       ------                     ----    -------   -------
    .\source\
       api.obj                    806     0         30     
       halGPIO.obj                382     8         19     
       bsp.obj                    204     0         0      
       main.obj                   88      0         20     
    +--+--------------------------+-------+---------+---------+
       Total:                     1480    8         69     
                                                           
    C:\ti\ccsv7\tools\compiler\ti-cgt-msp430_16.9.6.LTS\lib\rts430_eabi.lib
       e_pow.obj                  4456    0         0      
       s_atan.obj                 1208    0         0      
       frcdivd.obj                1152    0         0      
       e_atan2.obj                820     0         0      
       e_sqrt.obj                 760     0         0      
       addd.obj                   744     0         0      
       frcmpyd.obj                646     0         0      
       mpyd.obj                   622     0         0      
       frcaddd.obj                608     0         0      
       divd.obj                   568     0         0      
       s_scalbn.obj               420     0         0      
       fs_add.obj                 306     0         0      
       cmpd.obj                   220     0         0      
       fs_mpy.obj                 196     0         0      
       renormd.obj                190     0         0      
       fltlid.obj                 172     0         0      
       fs_div.obj                 156     0         0      
       cvtdf.obj                  140     0         0      
       copy_decompress_lzss.obj   124     0         0      
       cvtfd.obj                  114     0         0      
       autoinit.obj               110     0         0      
       lsr32.obj                  110     0         0      
       fs_toi.obj                 104     0         0      
       cpy_tbl.obj                90      0         0      
       asr32.obj                  78      0         0      
       lsl32.obj                  78      0         0      
       lsr16.obj                  76      0         0      
       fs_cmp.obj                 74      0         0      
       s_copysign.obj             46      0         0      
       subd.obj                   46      0         0      
       asr16.obj                  44      0         0      
       lsl16.obj                  44      0         0      
       negd.obj                   42      0         0      
       mult32.obj                 38      0         0      
       fs_utof.obj                36      0         0      
       boot_special.obj           26      0         0      
       div16u.obj                 22      0         0      
       copy_zero_init.obj         20      0         0      
       mult16.obj                 20      0         0      
       copy_decompress_none.obj   18      0         0      
       memcpy.obj                 18      0         0      
       epilog.obj                 16      0         0      
       fltid.obj                  12      0         0      
       isr_trap.obj               8       0         0      
       exit.obj                   6       0         0      
       pre_init.obj               4       0         0      
       boot.obj                   0       2         0      
       errno.obj                  0       0         2      
       int00.obj                  0       2         0      
       int03.obj                  0       2         0      
       int06.obj                  0       2         0      
       int08.obj                  0       2         0      
       int10.obj                  0       2         0      
       int11.obj                  0       2         0      
       int12.obj                  0       2         0      
       int13.obj                  0       2         0      
       int14.obj                  0       2         0      
       startup.obj                2       0         0      
    +--+--------------------------+-------+---------+---------+
       Total:                     14810   20        2      
                                                           
       Stack:                     0       0         80     
       Linker Generated:          0       56        0      
    +--+--------------------------+-------+---------+---------+
       Grand Total:               16290   84        151    


LINKER GENERATED COPY TABLES

__TI_cinit_table @ 0000ffd2 records: 2, size/record: 4, table size: 8
	.data: load addr=0000ffa2, load size=00000026 bytes, run addr=00000200, run size=00000036 bytes, compression=lzss
	.bss: load addr=0000ffce, load size=00000004 bytes, run addr=00000236, run size=00000011 bytes, compression=zero_init


LINKER GENERATED HANDLER TABLE

__TI_handler_table @ 0000ffc8 records: 3, size/record: 2, table size: 6
	index: 0, handler: __TI_zero_init
	index: 1, handler: __TI_decompress_lzss
	index: 2, handler: __TI_decompress_none


GLOBAL SYMBOLS: SORTED ALPHABETICALLY BY Name 

address   name                    
-------   ----                    
0000004a  ADC10AE0                
000001b0  ADC10CTL0               
000001b2  ADC10CTL1               
00000048  ADC10DTC0               
00000049  ADC10DTC1               
000001b4  ADC10MEM                
000001bc  ADC10SA                 
0000ff7e  ADC10_ISR               
00000057  BCSCTL1                 
00000058  BCSCTL2                 
00000053  BCSCTL3                 
0000ff96  C$$EXIT                 
00000059  CACTL1                  
0000005a  CACTL2                  
000010fb  CALBC1_12MHZ            
000010f9  CALBC1_16MHZ            
000010ff  CALBC1_1MHZ             
000010fd  CALBC1_8MHZ             
000010fa  CALDCO_12MHZ            
000010f8  CALDCO_16MHZ            
000010fe  CALDCO_1MHZ             
000010fc  CALDCO_8MHZ             
0000005b  CAPD                    
00000056  DCOCTL                  
0000ff66  Disable_TimerA_345      
00000128  FCTL1                   
0000012a  FCTL2                   
0000012c  FCTL3                   
0000f402  GPIOconfig              
00000000  IE1                     
00000001  IE2                     
00000002  IFG1                    
00000003  IFG2                    
0000f0b8  MOTOR_2_deg             
00000226  MOTOR_DATA              
0000023e  OFFCount                
00000022  P1DIR                   
00000025  P1IE                    
00000024  P1IES                   
00000023  P1IFG                   
00000020  P1IN                    
00000021  P1OUT                   
00000027  P1REN                   
00000026  P1SEL                   
00000041  P1SEL2                  
0000002a  P2DIR                   
0000002d  P2IE                    
0000002c  P2IES                   
0000002b  P2IFG                   
00000028  P2IN                    
00000029  P2OUT                   
0000002f  P2REN                   
0000002e  P2SEL                   
00000042  P2SEL2                  
0000001a  P3DIR                   
00000018  P3IN                    
00000019  P3OUT                   
00000010  P3REN                   
0000001b  P3SEL                   
00000043  P3SEL2                  
0000ff4a  PORT1_ISR               
00000200  RGB_DATA                
00000172  TA0CCR0                 
00000174  TA0CCR1                 
00000176  TA0CCR2                 
00000162  TA0CCTL0                
00000164  TA0CCTL1                
00000166  TA0CCTL2                
00000160  TA0CTL                  
0000012e  TA0IV                   
00000170  TA0R                    
00000192  TA1CCR0                 
00000194  TA1CCR1                 
00000196  TA1CCR2                 
00000182  TA1CCTL0                
00000184  TA1CCTL1                
00000186  TA1CCTL2                
00000180  TA1CTL                  
0000011e  TA1IV                   
00000190  TA1R                    
000010db  TLV_ADC10_1_LEN         
000010da  TLV_ADC10_1_TAG         
000010c0  TLV_CHECKSUM            
000010f7  TLV_DCO_30_LEN          
000010f6  TLV_DCO_30_TAG          
0000f798  Timer_A0                
0000005d  UCA0ABCTL               
00000062  UCA0BR0                 
00000063  UCA0BR1                 
00000060  UCA0CTL0                
00000061  UCA0CTL1                
0000005f  UCA0IRRCTL              
0000005e  UCA0IRTCTL              
00000064  UCA0MCTL                
00000066  UCA0RXBUF               
00000065  UCA0STAT                
00000067  UCA0TXBUF               
0000006a  UCB0BR0                 
0000006b  UCB0BR1                 
00000068  UCB0CTL0                
00000069  UCB0CTL1                
0000006c  UCB0I2CIE               
00000118  UCB0I2COA               
0000011a  UCB0I2CSA               
0000006e  UCB0RXBUF               
0000006d  UCB0STAT                
0000006f  UCB0TXBUF               
0000fcca  USCI0RX_ISR             
00000120  WDTCTL                  
00000228  X_Axis                  
0000022a  Y_Axis                  
00000400  __STACK_END             
00000050  __STACK_SIZE            
UNDEFED   __TI_BINIT_Base         
UNDEFED   __TI_BINIT_Limit        
0000ffd2  __TI_CINIT_Base         
0000ffda  __TI_CINIT_Limit        
0000ffc8  __TI_Handler_Table_Base 
0000ffce  __TI_Handler_Table_Limit
UNDEFED   __TI_INITARRAY_Base     
UNDEFED   __TI_INITARRAY_Limit    
0000ff86  __TI_ISR_TRAP           
0000f8b2  __TI_decompress_lzss    
0000fed4  __TI_decompress_none    
0000e8a8  __TI_frcaddd            
0000d620  __TI_frcdivd            
0000e3b4  __TI_frcmpyd            
0000ffe0  __TI_int00              
0000ffe4  __TI_int02              
0000ffe6  __TI_int03              
0000ffea  __TI_int05              
0000ffec  __TI_int06              
0000ffee  __TI_int07              
0000fff0  __TI_int08              
0000fff2  __TI_int09              
0000fff4  __TI_int10              
0000fff6  __TI_int11              
0000fff8  __TI_int12              
0000fffa  __TI_int13              
0000fffc  __TI_int14              
ffffffff  __TI_pprof_out_hndl     
ffffffff  __TI_prof_data_size     
ffffffff  __TI_prof_data_start    
0000f592  __TI_renormd            
0000feac  __TI_zero_init          
ffffffff  __c_args__              
0000e0cc  __mspabi_addd           
0000f1fa  __mspabi_addf           
0000f326  __mspabi_cmpd           
0000fbd0  __mspabi_cmpf           
0000f826  __mspabi_cvtdf          
0000f92e  __mspabi_cvtfd          
0000eb08  __mspabi_divd           
0000f6fc  __mspabi_divf           
0000fe96  __mspabi_divu           
0000fa0e  __mspabi_fixfi          
0000ff72  __mspabi_fltid          
0000f650  __mspabi_fltlid         
0000fe22  __mspabi_fltuf          
0000ff46  __mspabi_func_epilog_1  
0000ff44  __mspabi_func_epilog_2  
0000ff42  __mspabi_func_epilog_3  
0000ff40  __mspabi_func_epilog_4  
0000ff3e  __mspabi_func_epilog_5  
0000ff3c  __mspabi_func_epilog_6  
0000ff3a  __mspabi_func_epilog_7  
0000e63a  __mspabi_mpyd           
0000f4ce  __mspabi_mpyf           
0000fec0  __mspabi_mpyi           
0000fec0  __mspabi_mpyi_sw        
0000fdd8  __mspabi_mpyl           
0000fdd8  __mspabi_mpyl_sw        
0000fdae  __mspabi_negd           
0000fe96  __mspabi_remu           
0000fd82  __mspabi_slli           
0000fdaa  __mspabi_slli_1         
0000fd98  __mspabi_slli_10        
0000fd96  __mspabi_slli_11        
0000fd94  __mspabi_slli_12        
0000fd92  __mspabi_slli_13        
0000fd90  __mspabi_slli_14        
0000fd8e  __mspabi_slli_15        
0000fda8  __mspabi_slli_2         
0000fda6  __mspabi_slli_3         
0000fda4  __mspabi_slli_4         
0000fda2  __mspabi_slli_5         
0000fda0  __mspabi_slli_6         
0000fd9e  __mspabi_slli_7         
0000fd9c  __mspabi_slli_8         
0000fd9a  __mspabi_slli_9         
0000ff2a  __mspabi_slll           
0000fc90  __mspabi_slll_1         
0000fc6c  __mspabi_slll_10        
0000fc68  __mspabi_slll_11        
0000fc64  __mspabi_slll_12        
0000fc60  __mspabi_slll_13        
0000fc5c  __mspabi_slll_14        
0000fc58  __mspabi_slll_15        
0000fc8c  __mspabi_slll_2         
0000fc88  __mspabi_slll_3         
0000fc84  __mspabi_slll_4         
0000fc80  __mspabi_slll_5         
0000fc7c  __mspabi_slll_6         
0000fc78  __mspabi_slll_7         
0000fc74  __mspabi_slll_8         
0000fc70  __mspabi_slll_9         
0000fd56  __mspabi_srai           
0000fd7e  __mspabi_srai_1         
0000fd6c  __mspabi_srai_10        
0000fd6a  __mspabi_srai_11        
0000fd68  __mspabi_srai_12        
0000fd66  __mspabi_srai_13        
0000fd64  __mspabi_srai_14        
0000fd62  __mspabi_srai_15        
0000fd7c  __mspabi_srai_2         
0000fd7a  __mspabi_srai_3         
0000fd78  __mspabi_srai_4         
0000fd76  __mspabi_srai_5         
0000fd74  __mspabi_srai_6         
0000fd72  __mspabi_srai_7         
0000fd70  __mspabi_srai_8         
0000fd6e  __mspabi_srai_9         
0000ff1a  __mspabi_sral           
0000fc52  __mspabi_sral_1         
0000fc2e  __mspabi_sral_10        
0000fc2a  __mspabi_sral_11        
0000fc26  __mspabi_sral_12        
0000fc22  __mspabi_sral_13        
0000fc1e  __mspabi_sral_14        
0000fc1a  __mspabi_sral_15        
0000fc4e  __mspabi_sral_2         
0000fc4a  __mspabi_sral_3         
0000fc46  __mspabi_sral_4         
0000fc42  __mspabi_sral_5         
0000fc3e  __mspabi_sral_6         
0000fc3a  __mspabi_sral_7         
0000fc36  __mspabi_sral_8         
0000fc32  __mspabi_sral_9         
0000fb84  __mspabi_srli           
0000fbca  __mspabi_srli_1         
0000fba6  __mspabi_srli_10        
0000fba2  __mspabi_srli_11        
0000fb9e  __mspabi_srli_12        
0000fb9a  __mspabi_srli_13        
0000fb96  __mspabi_srli_14        
0000fb92  __mspabi_srli_15        
0000fbc6  __mspabi_srli_2         
0000fbc2  __mspabi_srli_3         
0000fbbe  __mspabi_srli_4         
0000fbba  __mspabi_srli_5         
0000fbb6  __mspabi_srli_6         
0000fbb2  __mspabi_srli_7         
0000fbae  __mspabi_srli_8         
0000fbaa  __mspabi_srli_9         
0000fee6  __mspabi_srll           
0000faca  __mspabi_srll_1         
0000fa94  __mspabi_srll_10        
0000fa8e  __mspabi_srll_11        
0000fa88  __mspabi_srll_12        
0000fa82  __mspabi_srll_13        
0000fa7c  __mspabi_srll_14        
0000fa76  __mspabi_srll_15        
0000fac4  __mspabi_srll_2         
0000fabe  __mspabi_srll_3         
0000fab8  __mspabi_srll_4         
0000fab2  __mspabi_srll_5         
0000faac  __mspabi_srll_6         
0000faa6  __mspabi_srll_7         
0000faa0  __mspabi_srll_8         
0000fa9a  __mspabi_srll_9         
0000fcfa  __mspabi_subd           
0000f1f4  __mspabi_subf           
0000f9a0  _auto_init              
0000fe62  _c_int00_noargs_noexit  
0000fffe  _reset_vector           
000003b0  _stack                  
0000ffa0  _system_post_cinit      
0000ff9c  _system_pre_init        
0000ff96  abort                   
00000230  adc                     
0000d168  atan                    
0000daa0  atan2                   
0000daa0  atan2l                  
0000d168  atanl                   
0000020a  base_x                  
0000020c  base_y                  
0000ed40  calc_degree             
0000fad2  copy_in                 
0000fd28  copysign                
0000fd28  copysignl               
0000021e  current_step            
00000224  dealy_cnt               
0000021a  deg                     
0000022c  degree                  
0000ff0a  delay10MS               
00000218  delay_int               
0000fc96  enterLPM                
00000234  errno                   
0000ff58  joystick_2_motor        
0000ef14  ldexp                   
0000ef14  ldexpl                  
00000240  lpm_mode                
0000fb2c  main                    
0000fef8  memcpy                  
0000fe46  motor_cycle_ccw         
0000fe7c  motor_cycle_cw          
00000242  motor_dir               
00000222  motor_is_moving         
00000202  normal                  
00000206  normal_degree           
0000c000  pow                     
0000c000  powl                    
0000f402  progConfig              
0000fdfe  read_from_juystick      
00000246  rec_mode                
0000ef14  scalbn                  
0000ef14  scalbnl                 
0000ff8e  sleep                   
0000ddd4  sqrt                    
0000ddd4  sqrtl                   
00000216  state                   
00000220  step_cnt                
00000244  steps                   
0000f402  sysConfig               
00000236  x                       
0000020e  y                       


GLOBAL SYMBOLS: SORTED BY Symbol Address 

address   name                    
-------   ----                    
00000000  IE1                     
00000001  IE2                     
00000002  IFG1                    
00000003  IFG2                    
00000010  P3REN                   
00000018  P3IN                    
00000019  P3OUT                   
0000001a  P3DIR                   
0000001b  P3SEL                   
00000020  P1IN                    
00000021  P1OUT                   
00000022  P1DIR                   
00000023  P1IFG                   
00000024  P1IES                   
00000025  P1IE                    
00000026  P1SEL                   
00000027  P1REN                   
00000028  P2IN                    
00000029  P2OUT                   
0000002a  P2DIR                   
0000002b  P2IFG                   
0000002c  P2IES                   
0000002d  P2IE                    
0000002e  P2SEL                   
0000002f  P2REN                   
00000041  P1SEL2                  
00000042  P2SEL2                  
00000043  P3SEL2                  
00000048  ADC10DTC0               
00000049  ADC10DTC1               
0000004a  ADC10AE0                
00000050  __STACK_SIZE            
00000053  BCSCTL3                 
00000056  DCOCTL                  
00000057  BCSCTL1                 
00000058  BCSCTL2                 
00000059  CACTL1                  
0000005a  CACTL2                  
0000005b  CAPD                    
0000005d  UCA0ABCTL               
0000005e  UCA0IRTCTL              
0000005f  UCA0IRRCTL              
00000060  UCA0CTL0                
00000061  UCA0CTL1                
00000062  UCA0BR0                 
00000063  UCA0BR1                 
00000064  UCA0MCTL                
00000065  UCA0STAT                
00000066  UCA0RXBUF               
00000067  UCA0TXBUF               
00000068  UCB0CTL0                
00000069  UCB0CTL1                
0000006a  UCB0BR0                 
0000006b  UCB0BR1                 
0000006c  UCB0I2CIE               
0000006d  UCB0STAT                
0000006e  UCB0RXBUF               
0000006f  UCB0TXBUF               
00000118  UCB0I2COA               
0000011a  UCB0I2CSA               
0000011e  TA1IV                   
00000120  WDTCTL                  
00000128  FCTL1                   
0000012a  FCTL2                   
0000012c  FCTL3                   
0000012e  TA0IV                   
00000160  TA0CTL                  
00000162  TA0CCTL0                
00000164  TA0CCTL1                
00000166  TA0CCTL2                
00000170  TA0R                    
00000172  TA0CCR0                 
00000174  TA0CCR1                 
00000176  TA0CCR2                 
00000180  TA1CTL                  
00000182  TA1CCTL0                
00000184  TA1CCTL1                
00000186  TA1CCTL2                
00000190  TA1R                    
00000192  TA1CCR0                 
00000194  TA1CCR1                 
00000196  TA1CCR2                 
000001b0  ADC10CTL0               
000001b2  ADC10CTL1               
000001b4  ADC10MEM                
000001bc  ADC10SA                 
00000200  RGB_DATA                
00000202  normal                  
00000206  normal_degree           
0000020a  base_x                  
0000020c  base_y                  
0000020e  y                       
00000216  state                   
00000218  delay_int               
0000021a  deg                     
0000021e  current_step            
00000220  step_cnt                
00000222  motor_is_moving         
00000224  dealy_cnt               
00000226  MOTOR_DATA              
00000228  X_Axis                  
0000022a  Y_Axis                  
0000022c  degree                  
00000230  adc                     
00000234  errno                   
00000236  x                       
0000023e  OFFCount                
00000240  lpm_mode                
00000242  motor_dir               
00000244  steps                   
00000246  rec_mode                
000003b0  _stack                  
00000400  __STACK_END             
000010c0  TLV_CHECKSUM            
000010da  TLV_ADC10_1_TAG         
000010db  TLV_ADC10_1_LEN         
000010f6  TLV_DCO_30_TAG          
000010f7  TLV_DCO_30_LEN          
000010f8  CALDCO_16MHZ            
000010f9  CALBC1_16MHZ            
000010fa  CALDCO_12MHZ            
000010fb  CALBC1_12MHZ            
000010fc  CALDCO_8MHZ             
000010fd  CALBC1_8MHZ             
000010fe  CALDCO_1MHZ             
000010ff  CALBC1_1MHZ             
0000c000  pow                     
0000c000  powl                    
0000d168  atan                    
0000d168  atanl                   
0000d620  __TI_frcdivd            
0000daa0  atan2                   
0000daa0  atan2l                  
0000ddd4  sqrt                    
0000ddd4  sqrtl                   
0000e0cc  __mspabi_addd           
0000e3b4  __TI_frcmpyd            
0000e63a  __mspabi_mpyd           
0000e8a8  __TI_frcaddd            
0000eb08  __mspabi_divd           
0000ed40  calc_degree             
0000ef14  ldexp                   
0000ef14  ldexpl                  
0000ef14  scalbn                  
0000ef14  scalbnl                 
0000f0b8  MOTOR_2_deg             
0000f1f4  __mspabi_subf           
0000f1fa  __mspabi_addf           
0000f326  __mspabi_cmpd           
0000f402  GPIOconfig              
0000f402  progConfig              
0000f402  sysConfig               
0000f4ce  __mspabi_mpyf           
0000f592  __TI_renormd            
0000f650  __mspabi_fltlid         
0000f6fc  __mspabi_divf           
0000f798  Timer_A0                
0000f826  __mspabi_cvtdf          
0000f8b2  __TI_decompress_lzss    
0000f92e  __mspabi_cvtfd          
0000f9a0  _auto_init              
0000fa0e  __mspabi_fixfi          
0000fa76  __mspabi_srll_15        
0000fa7c  __mspabi_srll_14        
0000fa82  __mspabi_srll_13        
0000fa88  __mspabi_srll_12        
0000fa8e  __mspabi_srll_11        
0000fa94  __mspabi_srll_10        
0000fa9a  __mspabi_srll_9         
0000faa0  __mspabi_srll_8         
0000faa6  __mspabi_srll_7         
0000faac  __mspabi_srll_6         
0000fab2  __mspabi_srll_5         
0000fab8  __mspabi_srll_4         
0000fabe  __mspabi_srll_3         
0000fac4  __mspabi_srll_2         
0000faca  __mspabi_srll_1         
0000fad2  copy_in                 
0000fb2c  main                    
0000fb84  __mspabi_srli           
0000fb92  __mspabi_srli_15        
0000fb96  __mspabi_srli_14        
0000fb9a  __mspabi_srli_13        
0000fb9e  __mspabi_srli_12        
0000fba2  __mspabi_srli_11        
0000fba6  __mspabi_srli_10        
0000fbaa  __mspabi_srli_9         
0000fbae  __mspabi_srli_8         
0000fbb2  __mspabi_srli_7         
0000fbb6  __mspabi_srli_6         
0000fbba  __mspabi_srli_5         
0000fbbe  __mspabi_srli_4         
0000fbc2  __mspabi_srli_3         
0000fbc6  __mspabi_srli_2         
0000fbca  __mspabi_srli_1         
0000fbd0  __mspabi_cmpf           
0000fc1a  __mspabi_sral_15        
0000fc1e  __mspabi_sral_14        
0000fc22  __mspabi_sral_13        
0000fc26  __mspabi_sral_12        
0000fc2a  __mspabi_sral_11        
0000fc2e  __mspabi_sral_10        
0000fc32  __mspabi_sral_9         
0000fc36  __mspabi_sral_8         
0000fc3a  __mspabi_sral_7         
0000fc3e  __mspabi_sral_6         
0000fc42  __mspabi_sral_5         
0000fc46  __mspabi_sral_4         
0000fc4a  __mspabi_sral_3         
0000fc4e  __mspabi_sral_2         
0000fc52  __mspabi_sral_1         
0000fc58  __mspabi_slll_15        
0000fc5c  __mspabi_slll_14        
0000fc60  __mspabi_slll_13        
0000fc64  __mspabi_slll_12        
0000fc68  __mspabi_slll_11        
0000fc6c  __mspabi_slll_10        
0000fc70  __mspabi_slll_9         
0000fc74  __mspabi_slll_8         
0000fc78  __mspabi_slll_7         
0000fc7c  __mspabi_slll_6         
0000fc80  __mspabi_slll_5         
0000fc84  __mspabi_slll_4         
0000fc88  __mspabi_slll_3         
0000fc8c  __mspabi_slll_2         
0000fc90  __mspabi_slll_1         
0000fc96  enterLPM                
0000fcca  USCI0RX_ISR             
0000fcfa  __mspabi_subd           
0000fd28  copysign                
0000fd28  copysignl               
0000fd56  __mspabi_srai           
0000fd62  __mspabi_srai_15        
0000fd64  __mspabi_srai_14        
0000fd66  __mspabi_srai_13        
0000fd68  __mspabi_srai_12        
0000fd6a  __mspabi_srai_11        
0000fd6c  __mspabi_srai_10        
0000fd6e  __mspabi_srai_9         
0000fd70  __mspabi_srai_8         
0000fd72  __mspabi_srai_7         
0000fd74  __mspabi_srai_6         
0000fd76  __mspabi_srai_5         
0000fd78  __mspabi_srai_4         
0000fd7a  __mspabi_srai_3         
0000fd7c  __mspabi_srai_2         
0000fd7e  __mspabi_srai_1         
0000fd82  __mspabi_slli           
0000fd8e  __mspabi_slli_15        
0000fd90  __mspabi_slli_14        
0000fd92  __mspabi_slli_13        
0000fd94  __mspabi_slli_12        
0000fd96  __mspabi_slli_11        
0000fd98  __mspabi_slli_10        
0000fd9a  __mspabi_slli_9         
0000fd9c  __mspabi_slli_8         
0000fd9e  __mspabi_slli_7         
0000fda0  __mspabi_slli_6         
0000fda2  __mspabi_slli_5         
0000fda4  __mspabi_slli_4         
0000fda6  __mspabi_slli_3         
0000fda8  __mspabi_slli_2         
0000fdaa  __mspabi_slli_1         
0000fdae  __mspabi_negd           
0000fdd8  __mspabi_mpyl           
0000fdd8  __mspabi_mpyl_sw        
0000fdfe  read_from_juystick      
0000fe22  __mspabi_fltuf          
0000fe46  motor_cycle_ccw         
0000fe62  _c_int00_noargs_noexit  
0000fe7c  motor_cycle_cw          
0000fe96  __mspabi_divu           
0000fe96  __mspabi_remu           
0000feac  __TI_zero_init          
0000fec0  __mspabi_mpyi           
0000fec0  __mspabi_mpyi_sw        
0000fed4  __TI_decompress_none    
0000fee6  __mspabi_srll           
0000fef8  memcpy                  
0000ff0a  delay10MS               
0000ff1a  __mspabi_sral           
0000ff2a  __mspabi_slll           
0000ff3a  __mspabi_func_epilog_7  
0000ff3c  __mspabi_func_epilog_6  
0000ff3e  __mspabi_func_epilog_5  
0000ff40  __mspabi_func_epilog_4  
0000ff42  __mspabi_func_epilog_3  
0000ff44  __mspabi_func_epilog_2  
0000ff46  __mspabi_func_epilog_1  
0000ff4a  PORT1_ISR               
0000ff58  joystick_2_motor        
0000ff66  Disable_TimerA_345      
0000ff72  __mspabi_fltid          
0000ff7e  ADC10_ISR               
0000ff86  __TI_ISR_TRAP           
0000ff8e  sleep                   
0000ff96  C$$EXIT                 
0000ff96  abort                   
0000ff9c  _system_pre_init        
0000ffa0  _system_post_cinit      
0000ffc8  __TI_Handler_Table_Base 
0000ffce  __TI_Handler_Table_Limit
0000ffd2  __TI_CINIT_Base         
0000ffda  __TI_CINIT_Limit        
0000ffe0  __TI_int00              
0000ffe4  __TI_int02              
0000ffe6  __TI_int03              
0000ffea  __TI_int05              
0000ffec  __TI_int06              
0000ffee  __TI_int07              
0000fff0  __TI_int08              
0000fff2  __TI_int09              
0000fff4  __TI_int10              
0000fff6  __TI_int11              
0000fff8  __TI_int12              
0000fffa  __TI_int13              
0000fffc  __TI_int14              
0000fffe  _reset_vector           
ffffffff  __TI_pprof_out_hndl     
ffffffff  __TI_prof_data_size     
ffffffff  __TI_prof_data_start    
ffffffff  __c_args__              
UNDEFED   __TI_BINIT_Base         
UNDEFED   __TI_BINIT_Limit        
UNDEFED   __TI_INITARRAY_Base     
UNDEFED   __TI_INITARRAY_Limit    

[326 symbols]
